// Jest Snapshot v1, https://goo.gl/fbAQLP

exports[`step form snapshot 1`] = `
<div
  class="sula-template-step-form sula-template-step-form-horizontal"
>
  <div
    class="sula-template-step-form-horizontal-steps"
  >
    <div
      class="ant-steps ant-steps-horizontal ant-steps-default ant-steps-label-horizontal"
    >
      <div
        class="ant-steps-item ant-steps-item-process ant-steps-item-active"
      >
        <div
          class="ant-steps-item-container"
        >
          <div
            class="ant-steps-item-tail"
          />
          <div
            class="ant-steps-item-icon"
          >
            <span
              class="ant-steps-icon"
            >
              1
            </span>
          </div>
          <div
            class="ant-steps-item-content"
          >
            <div
              class="ant-steps-item-title"
            >
              Step1
            </div>
          </div>
        </div>
      </div>
      <div
        class="ant-steps-item ant-steps-item-wait"
      >
        <div
          class="ant-steps-item-container"
        >
          <div
            class="ant-steps-item-tail"
          />
          <div
            class="ant-steps-item-icon"
          >
            <span
              class="ant-steps-icon"
            >
              2
            </span>
          </div>
          <div
            class="ant-steps-item-content"
          >
            <div
              class="ant-steps-item-title"
            >
              Step2
            </div>
          </div>
        </div>
      </div>
      <div
        class="ant-steps-item ant-steps-item-wait"
      >
        <div
          class="ant-steps-item-container"
        >
          <div
            class="ant-steps-item-tail"
          />
          <div
            class="ant-steps-item-icon"
          >
            <span
              class="ant-steps-icon"
            >
              3
            </span>
          </div>
          <div
            class="ant-steps-item-content"
          >
            <div
              class="ant-steps-item-title"
            >
              Step3
            </div>
          </div>
        </div>
      </div>
    </div>
  </div>
  <div
    class="sula-template-step-form-horizontal-form"
  >
    <div
      class="ant-spin-nested-loading"
    >
      <div
        class="ant-spin-container"
      >
        <form
          class="ant-form ant-form-horizontal"
        >
          <div>
            <div>
              <div
                class="ant-row ant-form-item"
              >
                <div
                  class="ant-col ant-col-8 ant-form-item-label"
                >
                  <label
                    class=""
                    for="input1"
                    title="input1"
                  >
                    input1
                  </label>
                </div>
                <div
                  class="ant-col ant-col-12 ant-form-item-control"
                >
                  <div
                    class="ant-form-item-control-input"
                  >
                    <div
                      class="ant-form-item-control-input-content"
                    >
                      <input
                        class="ant-input ant-input-disabled"
                        disabled=""
                        id="input1"
                        type="text"
                        value=""
                      />
                    </div>
                  </div>
                </div>
              </div>
              <div
                class="ant-row ant-form-item"
                style="margin-bottom: 0px;"
              >
                <div
                  class="ant-col ant-col-12 ant-col-offset-8 ant-form-item-control"
                >
                  <div
                    class="ant-form-item-control-input"
                  >
                    <div
                      class="ant-form-item-control-input-content"
                    >
                      <div
                        class="sula-form-action-default"
                      >
                        <div
                          class="ant-space ant-space-horizontal ant-space-align-center"
                        >
                          <div
                            class="ant-space-item"
                            style="margin-right: 8px;"
                          >
                            <button
                              class="ant-btn ant-btn-primary"
                              type="button"
                            >
                              <span>
                                Next
                              </span>
                            </button>
                          </div>
                          <div
                            class="ant-space-item"
                          >
                            <button
                              class="ant-btn"
                              type="button"
                            >
                              <span>
                                Back
                              </span>
                            </button>
                          </div>
                        </div>
                      </div>
                    </div>
                  </div>
                </div>
              </div>
            </div>
            <div
              style="display: none;"
            >
              <div
                class="ant-row ant-form-item"
              >
                <div
                  class="ant-col ant-col-8 ant-form-item-label"
                >
                  <label
                    class=""
                    for="input2"
                    title="input2"
                  >
                    input2
                  </label>
                </div>
                <div
                  class="ant-col ant-col-12 ant-form-item-control"
                >
                  <div
                    class="ant-form-item-control-input"
                  >
                    <div
                      class="ant-form-item-control-input-content"
                    >
                      <input
                        class="ant-input ant-input-disabled"
                        disabled=""
                        id="input2"
                        type="text"
                        value=""
                      />
                    </div>
                  </div>
                </div>
              </div>
              <div
                class="ant-row ant-form-item"
                style="margin-bottom: 0px;"
              >
                <div
                  class="ant-col ant-col-12 ant-col-offset-8 ant-form-item-control"
                >
                  <div
                    class="ant-form-item-control-input"
                  >
                    <div
                      class="ant-form-item-control-input-content"
                    >
                      <div
                        class="sula-form-action-default"
                      >
                        <div
                          class="ant-space ant-space-horizontal ant-space-align-center"
                        >
                          <div
                            class="ant-space-item"
                            style="margin-right: 8px;"
                          >
                            <button
                              class="ant-btn ant-btn-primary"
                              type="button"
                            >
                              <span>
                                Next
                              </span>
                            </button>
                          </div>
                          <div
                            class="ant-space-item"
                            style="margin-right: 8px;"
                          >
                            <button
                              class="ant-btn"
                              type="button"
                            >
                              <span>
                                Previous
                              </span>
                            </button>
                          </div>
                          <div
                            class="ant-space-item"
                          >
                            <button
                              class="ant-btn"
                              type="button"
                            >
                              <span>
                                Back
                              </span>
                            </button>
                          </div>
                        </div>
                      </div>
                    </div>
                  </div>
                </div>
              </div>
            </div>
            <div
              style="display: none;"
            >
              <div
                class="ant-row ant-form-item"
              >
                <div
                  class="ant-col ant-col-8 ant-form-item-label"
                >
                  <label
                    class=""
                    for="input3"
                    title="input3"
                  >
                    input3
                  </label>
                </div>
                <div
                  class="ant-col ant-col-12 ant-form-item-control"
                >
                  <div
                    class="ant-form-item-control-input"
                  >
                    <div
                      class="ant-form-item-control-input-content"
                    >
                      <input
                        class="ant-input ant-input-disabled"
                        disabled=""
                        id="input3"
                        type="text"
                        value=""
                      />
                    </div>
                  </div>
                </div>
              </div>
              <div
                class="ant-row ant-form-item"
                style="margin-bottom: 0px;"
              >
                <div
                  class="ant-col ant-col-12 ant-col-offset-8 ant-form-item-control"
                >
                  <div
                    class="ant-form-item-control-input"
                  >
                    <div
                      class="ant-form-item-control-input-content"
                    >
                      <div
                        class="sula-form-action-default"
                      >
                        <div
                          class="ant-space ant-space-horizontal ant-space-align-center"
                        >
                          <div
                            class="ant-space-item"
                            style="margin-right: 8px;"
                          >
                            <button
                              class="ant-btn"
                              type="button"
                            >
                              <span>
                                Previous
                              </span>
                            </button>
                          </div>
                          <div
                            class="ant-space-item"
                          >
                            <button
                              class="ant-btn"
                              type="button"
                            >
                              <span>
                                Back
                              </span>
                            </button>
                          </div>
                        </div>
                      </div>
                    </div>
                  </div>
                </div>
              </div>
            </div>
          </div>
        </form>
      </div>
    </div>
  </div>
</div>
`;
