// Jest Snapshot v1, https://goo.gl/fbAQLP

exports[`form form  props onValueChange cascade 1`] = `
<form
  class="ant-form ant-form-horizontal"
>
  <div
    class="ant-row ant-form-item"
  >
    <div
      class="ant-col ant-col-8 ant-form-item-label"
    >
      <label
        class=""
        title="Users"
      >
        Users
      </label>
    </div>
    <div
      class="ant-col ant-col-12 ant-form-item-control"
    >
      <div
        class="ant-form-item-control-input"
      >
        <div
          class="ant-form-item-control-input-content"
        >
          <div>
            <div
              class="ant-table-wrapper sula-editable"
            >
              <div
                class="ant-spin-nested-loading"
              >
                <div
                  class="ant-spin-container"
                >
                  <div
                    class="ant-table"
                  >
                    <div
                      class="ant-table-container"
                    >
                      <div
                        class="ant-table-content"
                      >
                        <table
                          style="table-layout: auto;"
                        >
                          <colgroup>
                            <col
                              style="width: 200px; min-width: 200px;"
                            />
                            <col
                              style="width: 160px; min-width: 160px;"
                            />
                          </colgroup>
                          <thead
                            class="ant-table-thead"
                          >
                            <tr>
                              <th
                                class="ant-table-cell"
                              >
                                Province
                              </th>
                              <th
                                class="ant-table-cell"
                              />
                            </tr>
                          </thead>
                          <tbody
                            class="ant-table-tbody"
                          >
                            <tr
                              class="ant-table-row ant-table-row-level-0"
                              data-row-key="0"
                            >
                              <td
                                class="ant-table-cell"
                              >
                                <div
                                  class="ant-row ant-form-item"
                                  dependency="[object Object]"
                                  width="200"
                                >
                                  <div
                                    class="ant-col ant-col-24 ant-form-item-control"
                                  >
                                    <div
                                      class="ant-form-item-control-input"
                                    >
                                      <div
                                        class="ant-form-item-control-input-content"
                                      >
                                        <input
                                          class="ant-input"
                                          id="users_0_province"
                                          type="text"
                                          value=""
                                        />
                                      </div>
                                    </div>
                                  </div>
                                </div>
                              </td>
                              <td
                                class="ant-table-cell"
                              >
                                <div
                                  class="ant-space ant-space-horizontal ant-space-align-center"
                                >
                                  <div
                                    class="ant-space-item"
                                    style="margin-right: 8px;"
                                  >
                                    <a>
                                      Add
                                    </a>
                                  </div>
                                  <div
                                    class="ant-space-item"
                                    style="margin-right: 8px;"
                                  >
                                    <a>
                                      Copy
                                    </a>
                                  </div>
                                  <div
                                    class="ant-space-item"
                                  >
                                    <a>
                                      Delete
                                    </a>
                                  </div>
                                </div>
                              </td>
                            </tr>
                          </tbody>
                        </table>
                      </div>
                    </div>
                  </div>
                </div>
              </div>
            </div>
            <button
              class="ant-btn ant-btn-dashed ant-btn-block"
              style="margin-top: 16px;"
              type="button"
            >
              <span
                aria-label="plus"
                class="anticon anticon-plus"
                role="img"
              >
                <svg
                  aria-hidden="true"
                  data-icon="plus"
                  fill="currentColor"
                  focusable="false"
                  height="1em"
                  viewBox="64 64 896 896"
                  width="1em"
                >
                  <defs />
                  <path
                    d="M482 152h60q8 0 8 8v704q0 8-8 8h-60q-8 0-8-8V160q0-8 8-8z"
                  />
                  <path
                    d="M176 474h672q8 0 8 8v60q0 8-8 8H176q-8 0-8-8v-60q0-8 8-8z"
                  />
                </svg>
              </span>
              <span>
                Add
              </span>
            </button>
          </div>
        </div>
      </div>
    </div>
  </div>
  <div
    class="ant-row ant-form-item ant-form-item-has-success"
  >
    <div
      class="ant-col ant-col-8 ant-form-item-label"
    >
      <label
        class=""
        for="input"
        title="input"
      >
        input
      </label>
    </div>
    <div
      class="ant-col ant-col-12 ant-form-item-control"
    >
      <div
        class="ant-form-item-control-input"
      >
        <div
          class="ant-form-item-control-input-content"
        >
          <input
            class="ant-input"
            id="input"
            type="text"
            value="a"
          />
        </div>
      </div>
    </div>
  </div>
  <div
    class="ant-row ant-form-item"
    dependency="[object Object]"
  >
    <div
      class="ant-col ant-col-8 ant-form-item-label"
    >
      <label
        class=""
        for="input2"
        title="inpt2"
      >
        inpt2
      </label>
    </div>
    <div
      class="ant-col ant-col-12 ant-form-item-control"
    >
      <div
        class="ant-form-item-control-input"
      >
        <div
          class="ant-form-item-control-input-content"
        >
          <input
            class="ant-input"
            id="input2"
            type="text"
            value="aaa"
          />
        </div>
      </div>
    </div>
  </div>
  <div
    class="ant-row ant-form-item"
  >
    <div
      class="ant-col ant-col-8 ant-form-item-label"
    >
      <label
        class=""
        for="input3"
        title="input3"
      >
        input3
      </label>
    </div>
    <div
      class="ant-col ant-col-12 ant-form-item-control"
    >
      <div
        class="ant-form-item-control-input"
      >
        <div
          class="ant-form-item-control-input-content"
        >
          <input
            class="ant-input"
            id="input3"
            type="text"
            value="ccc"
          />
        </div>
      </div>
    </div>
  </div>
</form>
`;

exports[`form form layout cols 1`] = `
<form
  class="ant-form ant-form-horizontal"
>
  <div
    class="ant-row ant-form-item"
  >
    <div
      class="ant-col ant-col-8 ant-form-item-label"
    >
      <label
        class=""
        for="input1"
        title="input1"
      >
        input1
      </label>
    </div>
    <div
      class="ant-col ant-col-12 ant-form-item-control"
    >
      <div
        class="ant-form-item-control-input"
      >
        <div
          class="ant-form-item-control-input-content"
        >
          <input
            class="ant-input"
            id="input1"
            type="text"
            value=""
          />
        </div>
      </div>
    </div>
  </div>
  <div
    class="ant-row ant-form-item"
  >
    <div
      class="ant-col ant-col-8 ant-form-item-label"
    >
      <label
        class=""
        for="input2"
        title="input2"
      >
        input2
      </label>
    </div>
    <div
      class="ant-col ant-col-12 ant-form-item-control"
    >
      <div
        class="ant-form-item-control-input"
      >
        <div
          class="ant-form-item-control-input-content"
        >
          <input
            class="ant-input"
            id="input2"
            type="text"
            value=""
          />
        </div>
      </div>
    </div>
  </div>
  <div
    class="ant-row ant-form-item"
  >
    <div
      class="ant-col ant-col-8 ant-form-item-label"
    >
      <label
        class=""
        for="input3"
        title="input3"
      >
        input3
      </label>
    </div>
    <div
      class="ant-col ant-col-12 ant-form-item-control"
    >
      <div
        class="ant-form-item-control-input"
      >
        <div
          class="ant-form-item-control-input-content"
        >
          <input
            class="ant-input"
            id="input3"
            type="text"
            value=""
          />
        </div>
      </div>
    </div>
  </div>
  <div
    class="ant-row ant-form-item"
  >
    <div
      class="ant-col ant-col-8 ant-form-item-label"
    >
      <label
        class=""
        for="input4"
        title="input4"
      >
        input4
      </label>
    </div>
    <div
      class="ant-col ant-col-12 ant-form-item-control"
    >
      <div
        class="ant-form-item-control-input"
      >
        <div
          class="ant-form-item-control-input-content"
        >
          <input
            class="ant-input"
            id="input4"
            type="text"
            value=""
          />
        </div>
      </div>
    </div>
  </div>
  <div
    class="ant-row ant-form-item"
  >
    <div
      class="ant-col ant-col-8 ant-form-item-label"
    >
      <label
        class=""
        for="input5"
        title="input5"
      >
        input5
      </label>
    </div>
    <div
      class="ant-col ant-col-12 ant-form-item-control"
    >
      <div
        class="ant-form-item-control-input"
      >
        <div
          class="ant-form-item-control-input-content"
        >
          <input
            class="ant-input"
            id="input5"
            type="text"
            value=""
          />
        </div>
      </div>
    </div>
  </div>
  <div
    class="ant-row ant-form-item"
  >
    <div
      class="ant-col ant-col-8 ant-form-item-label"
    >
      <label
        class=""
        for="input6"
        title="input6"
      >
        input6
      </label>
    </div>
    <div
      class="ant-col ant-col-12 ant-form-item-control"
    >
      <div
        class="ant-form-item-control-input"
      >
        <div
          class="ant-form-item-control-input-content"
        >
          <input
            class="ant-input"
            id="input6"
            type="text"
            value=""
          />
        </div>
      </div>
    </div>
  </div>
</form>
`;
