// Jest Snapshot v1, https://goo.gl/fbAQLP

exports[`step query table snapshot 1`] = `
<div>
  <div
    class="sula-template-step-query-table-steps"
  >
    <div
      class="ant-steps ant-steps-horizontal ant-steps-label-horizontal"
    >
      <div
        class="ant-steps-item ant-steps-item-process ant-steps-item-active"
      >
        <div
          class="ant-steps-item-container"
          role="button"
          tabindex="0"
        >
          <div
            class="ant-steps-item-tail"
          />
          <div
            class="ant-steps-item-icon"
          >
            <span
              class="ant-steps-icon"
            >
              1
            </span>
          </div>
          <div
            class="ant-steps-item-content"
          >
            <div
              class="ant-steps-item-title"
            >
              Steps1
            </div>
          </div>
        </div>
      </div>
      <div
        class="ant-steps-item ant-steps-item-wait"
      >
        <div
          class="ant-steps-item-container"
          role="button"
          tabindex="0"
        >
          <div
            class="ant-steps-item-tail"
          />
          <div
            class="ant-steps-item-icon"
          >
            <span
              class="ant-steps-icon"
            >
              2
            </span>
          </div>
          <div
            class="ant-steps-item-content"
          >
            <div
              class="ant-steps-item-title"
            >
              Steps2
            </div>
          </div>
        </div>
      </div>
      <div
        class="ant-steps-item ant-steps-item-wait"
      >
        <div
          class="ant-steps-item-container"
          role="button"
          tabindex="0"
        >
          <div
            class="ant-steps-item-tail"
          />
          <div
            class="ant-steps-item-icon"
          >
            <span
              class="ant-steps-icon"
            >
              3
            </span>
          </div>
          <div
            class="ant-steps-item-content"
          >
            <div
              class="ant-steps-item-title"
            >
              Steps3
            </div>
          </div>
        </div>
      </div>
    </div>
  </div>
  <div>
    <div>
      <div>
        <form
          class="ant-form ant-form-horizontal"
        >
          <div
            class="sula-template-query-table-fields-wrapper"
          >
            <div
              class="ant-row"
              style="margin-left: -12px; margin-right: -12px;"
            >
              <div
                class="ant-col ant-col-8"
                style="padding-left: 12px; padding-right: 12px;"
              >
                <div
                  class="ant-row ant-form-item"
                >
                  <div
                    class="ant-col ant-col-8 ant-form-item-label"
                  >
                    <label
                      class=""
                      for="name"
                      title="name"
                    >
                      name
                    </label>
                  </div>
                  <div
                    class="ant-col ant-col-16 ant-form-item-control"
                  >
                    <div
                      class="ant-form-item-control-input"
                    >
                      <div
                        class="ant-form-item-control-input-content"
                      >
                        <input
                          class="ant-input"
                          id="name"
                          type="text"
                          value=""
                        />
                      </div>
                    </div>
                  </div>
                </div>
              </div>
              <div
                class="ant-col ant-col-16"
                style="padding-left: 12px; padding-right: 12px;"
              >
                <div
                  class="ant-row ant-form-item"
                  style="margin-bottom: 0px;"
                >
                  <div
                    class="ant-col ant-col-16 ant-col-offset-8 ant-form-item-control"
                  >
                    <div
                      class="ant-form-item-control-input"
                    >
                      <div
                        class="ant-form-item-control-input-content"
                      >
                        <div
                          class="sula-form-action-default"
                          style="display: flex; justify-content: flex-end;"
                        >
                          <div
                            class="ant-space ant-space-horizontal ant-space-align-center"
                          >
                            <div
                              class="ant-space-item"
                              style="margin-right: 8px;"
                            >
                              <button
                                class="ant-btn ant-btn-primary"
                                type="button"
                              >
                                <span>
                                  Query
                                </span>
                              </button>
                            </div>
                            <div
                              class="ant-space-item"
                            >
                              <button
                                class="ant-btn"
                                type="button"
                              >
                                <span>
                                  Reset
                                </span>
                              </button>
                            </div>
                          </div>
                        </div>
                      </div>
                    </div>
                  </div>
                </div>
              </div>
            </div>
          </div>
        </form>
        <div
          class="ant-table-wrapper sula-template-query-table"
        >
          <div
            class="ant-spin-nested-loading"
          >
            <div>
              <div
                class="ant-spin ant-spin-spinning"
              >
                <span
                  class="ant-spin-dot ant-spin-dot-spin"
                >
                  <i
                    class="ant-spin-dot-item"
                  />
                  <i
                    class="ant-spin-dot-item"
                  />
                  <i
                    class="ant-spin-dot-item"
                  />
                  <i
                    class="ant-spin-dot-item"
                  />
                </span>
              </div>
            </div>
            <div
              class="ant-spin-container ant-spin-blur"
            >
              <div
                class="ant-table ant-table-empty"
              >
                <div
                  class="ant-table-container"
                >
                  <div
                    class="ant-table-content"
                  >
                    <table
                      style="table-layout: auto;"
                    >
                      <colgroup />
                      <thead
                        class="ant-table-thead"
                      >
                        <tr>
                          <th
                            class="ant-table-cell"
                          >
                            Id
                          </th>
                          <th
                            class="ant-table-cell"
                          >
                            name
                          </th>
                        </tr>
                      </thead>
                      <tbody
                        class="ant-table-tbody"
                      >
                        <tr
                          class="ant-table-placeholder"
                        >
                          <td
                            class="ant-table-cell"
                            colspan="2"
                          >
                            <div
                              class="ant-empty ant-empty-normal"
                            >
                              <div
                                class="ant-empty-image"
                              >
                                <svg
                                  class="ant-empty-img-simple"
                                  height="41"
                                  viewBox="0 0 64 41"
                                  width="64"
                                  xmlns="http://www.w3.org/2000/svg"
                                >
                                  <g
                                    fill="none"
                                    fill-rule="evenodd"
                                    transform="translate(0 1)"
                                  >
                                    <ellipse
                                      class="ant-empty-img-simple-ellipse"
                                      cx="32"
                                      cy="33"
                                      rx="32"
                                      ry="7"
                                    />
                                    <g
                                      class="ant-empty-img-simple-g"
                                      fill-rule="nonzero"
                                    >
                                      <path
                                        d="M55 12.76L44.854 1.258C44.367.474 43.656 0 42.907 0H21.093c-.749 0-1.46.474-1.947 1.257L9 12.761V22h46v-9.24z"
                                      />
                                      <path
                                        class="ant-empty-img-simple-path"
                                        d="M41.613 15.931c0-1.605.994-2.93 2.227-2.931H55v18.137C55 33.26 53.68 35 52.05 35h-40.1C10.32 35 9 33.259 9 31.137V13h11.16c1.233 0 2.227 1.323 2.227 2.928v.022c0 1.605 1.005 2.901 2.237 2.901h14.752c1.232 0 2.237-1.308 2.237-2.913v-.007z"
                                      />
                                    </g>
                                  </g>
                                </svg>
                              </div>
                              <p
                                class="ant-empty-description"
                              >
                                No Data
                              </p>
                            </div>
                          </td>
                        </tr>
                      </tbody>
                    </table>
                  </div>
                </div>
              </div>
            </div>
          </div>
        </div>
        <form
          class="ant-form ant-form-horizontal"
        >
          <div
            class=""
          >
            <div
              class="ant-drawer ant-drawer-right"
              tabindex="-1"
            >
              <div
                class="ant-drawer-mask"
              />
              <div
                class="ant-drawer-content-wrapper"
                style="transform: translateX(100%); width: 550px;"
              >
                <div
                  class="ant-drawer-content"
                >
                  <div
                    class="ant-drawer-wrapper-body"
                  >
                    <div
                      class="ant-drawer-header-no-title"
                    >
                      <button
                        aria-label="Close"
                        class="ant-drawer-close"
                      >
                        <span
                          aria-label="close"
                          class="anticon anticon-close"
                          role="img"
                        >
                          <svg
                            aria-hidden="true"
                            data-icon="close"
                            fill="currentColor"
                            focusable="false"
                            height="1em"
                            viewBox="64 64 896 896"
                            width="1em"
                          >
                            <path
                              d="M563.8 512l262.5-312.9c4.4-5.2.7-13.1-6.1-13.1h-79.8c-4.7 0-9.2 2.1-12.3 5.7L511.6 449.8 295.1 191.7c-3-3.6-7.5-5.7-12.3-5.7H203c-6.8 0-10.5 7.9-6.1 13.1L459.4 512 196.9 824.9A7.95 7.95 0 00203 838h79.8c4.7 0 9.2-2.1 12.3-5.7l216.5-258.1 216.5 258.1c3 3.6 7.5 5.7 12.3 5.7h79.8c6.8 0 10.5-7.9 6.1-13.1L563.8 512z"
                            />
                          </svg>
                        </span>
                      </button>
                    </div>
                    <div
                      class="ant-drawer-body"
                    >
                      <div
                        class="ant-spin-nested-loading"
                      >
                        <div
                          class="ant-spin-container"
                        />
                      </div>
                    </div>
                  </div>
                </div>
              </div>
            </div>
          </div>
        </form>
        <form
          class="ant-form ant-form-horizontal"
        >
          <div
            class="ant-modal-root"
          >
            <div
              class="ant-modal-mask ant-modal-mask-hidden"
            />
            <div
              class="ant-modal-wrap "
              role="dialog"
              style="display: none;"
              tabindex="-1"
            >
              <div
                class="ant-modal "
                role="document"
                style="width: 520px;"
              >
                <div
                  aria-hidden="true"
                  style="width: 0px; height: 0px; overflow: hidden; outline: none;"
                  tabindex="0"
                />
                <div
                  class="ant-modal-content"
                >
                  <button
                    aria-label="Close"
                    class="ant-modal-close"
                    type="button"
                  >
                    <span
                      class="ant-modal-close-x"
                    >
                      <span
                        aria-label="close"
                        class="anticon anticon-close ant-modal-close-icon"
                        role="img"
                      >
                        <svg
                          aria-hidden="true"
                          data-icon="close"
                          fill="currentColor"
                          focusable="false"
                          height="1em"
                          viewBox="64 64 896 896"
                          width="1em"
                        >
                          <path
                            d="M563.8 512l262.5-312.9c4.4-5.2.7-13.1-6.1-13.1h-79.8c-4.7 0-9.2 2.1-12.3 5.7L511.6 449.8 295.1 191.7c-3-3.6-7.5-5.7-12.3-5.7H203c-6.8 0-10.5 7.9-6.1 13.1L459.4 512 196.9 824.9A7.95 7.95 0 00203 838h79.8c4.7 0 9.2-2.1 12.3-5.7l216.5-258.1 216.5 258.1c3 3.6 7.5 5.7 12.3 5.7h79.8c6.8 0 10.5-7.9 6.1-13.1L563.8 512z"
                          />
                        </svg>
                      </span>
                    </span>
                  </button>
                  <div
                    class="ant-modal-body"
                  >
                    <div
                      class="ant-spin-nested-loading"
                    >
                      <div
                        class="ant-spin-container"
                      />
                    </div>
                  </div>
                </div>
                <div
                  aria-hidden="true"
                  style="width: 0px; height: 0px; overflow: hidden; outline: none;"
                  tabindex="0"
                />
              </div>
            </div>
          </div>
        </form>
      </div>
    </div>
  </div>
</div>
`;
